// Jest Snapshot v1, https://goo.gl/fbAQLP

exports[`processes top level config 1`] = `
Object {
  "cmds": Object {
    "lint": Array [
      Object {
        "cmd": "yarn prettier",
        "loc": "local",
      },
      Object {
        "cmd": "yarn tslint2",
        "loc": "local",
      },
    ],
  },
  "files": Object {
    "tsconfig.json": "files/tsconfig.json",
  },
}
`;
